[bestwpware.com/html/tf/laxm-demo/index04b9.html]
[backblue.gif]
[fade.gif]
[index.html]
[bestwpware.com/html/tf/laxm-demo/assets/bootstrap/css/bootstrap.min.css]
[bestwpware.com/html/tf/laxm-demo/assets/fonts/font-awesome.min.css]
[bestwpware.com/html/tf/laxm-demo/assets/owlcarousel/css/owl.carousel.css]
[bestwpware.com/html/tf/laxm-demo/assets/owlcarousel/css/owl.theme.css]
[bestwpware.com/html/tf/laxm-demo/assets/css/magnific-popup.css]
[bestwpware.com/html/tf/laxm-demo/assets/css/style.css]
[bestwpware.com/html/tf/laxm-demo/index.html]
[bestwpware.com/html/tf/laxm-demo/assets/img/logo.png]
[bestwpware.com/html/tf/laxm-demo/index_ripple.html]
[bestwpware.com/html/tf/laxm-demo/index_particle.html]
[bestwpware.com/html/tf/laxm-demo/index_youtube.html]
[bestwpware.com/html/tf/laxm-demo/assets/img/bg/home-bg.jpg]
[bestwpware.com/html/tf/laxm-demo/assets/img/hand.png]
[bestwpware.com/html/tf/laxm-demo/assets/img/mockup3-phone.png]
[bestwpware.com/html/tf/laxm-demo/assets/img/app-mockup-2.png]
[bestwpware.com/html/tf/laxm-demo/assets/img/how_it_work.jpg]
[bestwpware.com/html/tf/laxm-demo/assets/img/team/team-1.jpg]
[bestwpware.com/html/tf/laxm-demo/assets/img/team/team-2.jpg]
[bestwpware.com/html/tf/laxm-demo/assets/img/team/team-3.jpg]
[bestwpware.com/html/tf/laxm-demo/assets/img/team/team-4.jpg]
[bestwpware.com/html/tf/laxm-demo/assets/img/screenshot/1.jpg]
[bestwpware.com/html/tf/laxm-demo/assets/img/screenshot/2.jpg]
[bestwpware.com/html/tf/laxm-demo/assets/img/screenshot/3.jpg]
[bestwpware.com/html/tf/laxm-demo/assets/img/screenshot/4.jpg]
[bestwpware.com/html/tf/laxm-demo/assets/img/screenshot/5.jpg]
[bestwpware.com/html/tf/laxm-demo/assets/img/screenshot/6.jpg]
[bestwpware.com/html/tf/laxm-demo/assets/img/screenshot/7.jpg]
[bestwpware.com/html/tf/laxm-demo/assets/img/bg/pricing-bg.jpg]
[bestwpware.com/html/tf/laxm-demo/assets/img/testimonial/1.jpg]
[bestwpware.com/html/tf/laxm-demo/assets/img/testimonial/2.jpg]
[bestwpware.com/html/tf/laxm-demo/assets/img/testimonial/3.jpg]
[bestwpware.com/html/tf/laxm-demo/assets/img/testimonial/4.jpg]
[bestwpware.com/html/tf/laxm-demo/assets/img/apple.png]
[bestwpware.com/html/tf/laxm-demo/assets/img/android.png]
[bestwpware.com/html/tf/laxm-demo/assets/img/client/client1.png]
[bestwpware.com/html/tf/laxm-demo/assets/img/client/client2.png]
[bestwpware.com/html/tf/laxm-demo/assets/img/client/client3.png]
[bestwpware.com/html/tf/laxm-demo/assets/img/client/client4.png]
[bestwpware.com/html/tf/laxm-demo/assets/img/client/client5.png]
[bestwpware.com/cdn-cgi/scripts/5c5dd728/cloudflare-static/email-decode.min.js]
[bestwpware.com/html/tf/laxm-demo/assets/js/jquery-1.12.4.min.js]
[bestwpware.com/html/tf/laxm-demo/assets/bootstrap/js/bootstrap.min.js]
[bestwpware.com/html/tf/laxm-demo/assets/js/modernizr-2.8.3.min.js]
[bestwpware.com/html/tf/laxm-demo/assets/js/jquery.stellar.min.js]
[bestwpware.com/html/tf/laxm-demo/assets/owlcarousel/js/owl.carousel.min.js]
[bestwpware.com/html/tf/laxm-demo/assets/js/scrolltopcontrol.js]
[bestwpware.com/html/tf/laxm-demo/assets/js/form-contact.js]
[bestwpware.com/html/tf/laxm-demo/assets/js/jquery.magnific-popup.min.js]
[bestwpware.com/html/tf/laxm-demo/index04b9.html]
[bestwpware.com/html/tf/laxm-demo/assets/js/scripts.js]
[bestwpware.com/html/tf/laxm-demo/assets/bootstrap/fonts/glyphicons-halflings-regular.eot]
[bestwpware.com/html/tf/laxm-demo/assets/bootstrap/fonts/glyphicons-halflings-regulard41d.eot]
[bestwpware.com/html/tf/laxm-demo/assets/bootstrap/fonts/glyphicons-halflings-regular.woff2]
[bestwpware.com/html/tf/laxm-demo/assets/bootstrap/fonts/glyphicons-halflings-regular.woff]
[bestwpware.com/html/tf/laxm-demo/assets/bootstrap/fonts/glyphicons-halflings-regular.ttf]
[bestwpware.com/html/tf/laxm-demo/assets/bootstrap/css/bootstrap.min.css]
[bestwpware.com/html/tf/laxm-demo/assets/bootstrap/fonts/glyphicons-halflings-regular.svg]
[bestwpware.com/html/tf/laxm-demo/assets/fonts/fontawesome-webfont3295.eot]
[bestwpware.com/html/tf/laxm-demo/assets/fonts/fontawesome-webfontd41d.eot]
[bestwpware.com/html/tf/laxm-demo/assets/fonts/fontawesome-webfont3295.woff2]
[bestwpware.com/html/tf/laxm-demo/assets/fonts/fontawesome-webfont3295.woff]
[bestwpware.com/html/tf/laxm-demo/assets/fonts/fontawesome-webfont3295.ttf]
[bestwpware.com/html/tf/laxm-demo/assets/fonts/font-awesome.min.css]
[bestwpware.com/html/tf/laxm-demo/assets/fonts/fontawesome-webfont3295.svg]
[bestwpware.com/html/tf/laxm-demo/assets/owlcarousel/css/grabbing.png]
[bestwpware.com/html/tf/laxm-demo/assets/owlcarousel/css/owl.carousel.css]
[bestwpware.com/html/tf/laxm-demo/assets/owlcarousel/css/AjaxLoader.gif]
[bestwpware.com/html/tf/laxm-demo/assets/owlcarousel/css/owl.theme.css]
[bestwpware.com/html/tf/laxm-demo/assets/css/magnific-popup.css]
[bestwpware.com/html/tf/laxm-demo/assets/css/style.css]
[bestwpware.com/html/tf/laxm-demo/index.html]
[bestwpware.com/html/tf/laxm-demo/assets/img/bg/ripple-bg.jpg]
[bestwpware.com/html/tf/laxm-demo/index_ripple.html]
[bestwpware.com/html/tf/laxm-demo/assets/js/ripples-min.js]
[bestwpware.com/html/tf/laxm-demo/assets/img/bg/particle-bg.jpg]
[bestwpware.com/html/tf/laxm-demo/assets/js/particles.min.js]
[bestwpware.com/html/tf/laxm-demo/index_particle.html]
[bestwpware.com/html/tf/laxm-demo/assets/js/app.js]
[bestwpware.com/html/tf/laxm-demo/assets/css/YTPlayer.css]
[bestwpware.com/html/tf/laxm-demo/assets/img/bg/youtube-bg.jpg]
[bestwpware.com/html/tf/laxm-demo/index_youtube.html]
[bestwpware.com/html/tf/laxm-demo/assets/img/client/client1.html]
[bestwpware.com/html/tf/laxm-demo/assets/img/client/client2.html]
[bestwpware.com/html/tf/laxm-demo/assets/img/client/client3.html]
[bestwpware.com/html/tf/laxm-demo/assets/img/client/client5.html]
[bestwpware.com/html/tf/laxm-demo/assets/bootstrap/fonts/glyphicons-halflings-regular.svg]
[bestwpware.com/html/tf/laxm-demo/assets/js/jquery.mb.YTPlayer.min.js]
[bestwpware.com/html/tf/laxm-demo/assets/fonts/fontawesome-webfont3295.svg]
[bestwpware.com/html/tf/laxm-demo/assets/owlcarousel/css/grabbing.html]
[bestwpware.com/html/tf/laxm-demo/assets/owlcarousel/css/AjaxLoader.html]
[bestwpware.com/html/tf/laxm-demo/assets/css/ytp-regular.eot]
[bestwpware.com/html/tf/laxm-demo/assets/css/ytp-regular.ttf]
[bestwpware.com/html/tf/laxm-demo/assets/images/raster.png]
[bestwpware.com/html/tf/laxm-demo/assets/images/raster@2x.png]
[bestwpware.com/html/tf/laxm-demo/assets/images/raster_dot.png]
[bestwpware.com/html/tf/laxm-demo/assets/images/raster_dot@2x.png]
[bestwpware.com/html/tf/laxm-demo/assets/css/YTPlayer.css]
[bestwpware.com/html/tf/laxm-demo/assets/css/ytp-regular.html]
[bestwpware.com/html/tf/laxm-demo/assets/css/ytp-regular-2.html]
[bestwpware.com/html/tf/laxm-demo/assets/images/raster.html]
[bestwpware.com/html/tf/laxm-demo/assets/images/raster@2x.html]
[bestwpware.com/html/tf/laxm-demo/assets/images/raster_dot.html]
[bestwpware.com/html/tf/laxm-demo/assets/images/raster_dot@2x.html]
